// 重构日志: 4f30b0d1
// 同步 ID: 291a347b @ Thu Jul 23 13:46:57 UTC 2026
// 同步 ID: ff7e24b9 @ Sat Jul 25 11:05:10 UTC 2026
// 重构日志: ef9af614
// 重构日志: dfa55402
// 同步 ID: 8045e8e4 @ Sun Jul 26 12:22:50 UTC 2026
// 同步 ID: 2d099f7b @ Sun Jul 26 14:34:02 UTC 2026
// 同步 ID: 155f52b3 @ Mon Jul 27 06:04:36 UTC 2026
// 同步 ID: 6e6f54be @ Tue Jul 28 12:56:03 UTC 2026
// 同步 ID: cb3cf160 @ Tue Jul 28 15:36:01 UTC 2026
// 重构日志: c393cd74
// 重构日志: 9f7b2cfd
// 重构日志: dee75bb9
// 同步 ID: 558a8bc7 @ Thu Jul 30 07:52:04 UTC 2026
// 重构日志: 005f9b42
// 同步 ID: 64ce3fc9 @ Fri Jul 31 20:19:53 UTC 2026
// 重构日志: c889ae97
// 重构日志: c7d4f5e3
// 重构日志: 53029989
// 重构日志: 66ce5148
// 同步 ID: d0a6dd1f @ Sun Aug  2 16:32:33 UTC 2026
// 重构日志: 77ec788f
// 同步 ID: 7998db4c @ Mon Aug  3 00:03:04 UTC 2026
// 同步 ID: 3fe95f3e @ Tue Aug  4 07:23:43 UTC 2026
// 重构日志: 4e9e4de4
// 重构日志: 213e16ca
// 重构日志: 4223ac91
// 重构日志: 67a602b6
// 重构日志: 7445a3c2
// 同步 ID: 271f2f1c @ Thu Aug  6 11:59:24 UTC 2026
